// Jest Snapshot v1, https://goo.gl/fbAQLP

exports[`test snapshot will match snapshot 1`] = `
Object {
  "asFragment": [Function],
  "baseElement": <body>
    <div>
      <div
        style="direction: ltr;"
      >
        <div
          class=""
          style="width: 0%; transition: width 800ms linear 0s; will-change: width, opacity; height: 3px; background-color: red; position: absolute; opacity: 0;"
        />
        <div
          style="display: table; clear: both;"
        />
      </div>
      <h3
        class="center"
      >
        Employee Polls
      </h3>
      <form
        class="new-question"
      >
        <h3
          class="center"
        >
          Login
        </h3>
        <h4
          class="center"
        >
          User
        </h4>
        <input
          class="btnOptionOne"
          data-testid="user"
          name="Username"
          placeholder="User"
          type="text"
          value=""
        />
        <h4
          class="center"
        >
          Password
        </h4>
        <input
          class="btnOptionOne"
          data-testid="password"
          name="Password"
          placeholder="Password"
          type="password"
          value=""
        />
        <button
          class="btn"
          data-testid="submit-button"
          type="submit"
        >
          Submit
        </button>
      </form>
    </div>
  </body>,
  "container": <div>
    <div
      style="direction: ltr;"
    >
      <div
        class=""
        style="width: 0%; transition: width 800ms linear 0s; will-change: width, opacity; height: 3px; background-color: red; position: absolute; opacity: 0;"
      />
      <div
        style="display: table; clear: both;"
      />
    </div>
    <h3
      class="center"
    >
      Employee Polls
    </h3>
    <form
      class="new-question"
    >
      <h3
        class="center"
      >
        Login
      </h3>
      <h4
        class="center"
      >
        User
      </h4>
      <input
        class="btnOptionOne"
        data-testid="user"
        name="Username"
        placeholder="User"
        type="text"
        value=""
      />
      <h4
        class="center"
      >
        Password
      </h4>
      <input
        class="btnOptionOne"
        data-testid="password"
        name="Password"
        placeholder="Password"
        type="password"
        value=""
      />
      <button
        class="btn"
        data-testid="submit-button"
        type="submit"
      >
        Submit
      </button>
    </form>
  </div>,
  "debug": [Function],
  "findAllByAltText": [Function],
  "findAllByDisplayValue": [Function],
  "findAllByLabelText": [Function],
  "findAllByPlaceholderText": [Function],
  "findAllByRole": [Function],
  "findAllByTestId": [Function],
  "findAllByText": [Function],
  "findAllByTitle": [Function],
  "findByAltText": [Function],
  "findByDisplayValue": [Function],
  "findByLabelText": [Function],
  "findByPlaceholderText": [Function],
  "findByRole": [Function],
  "findByTestId": [Function],
  "findByText": [Function],
  "findByTitle": [Function],
  "getAllByAltText": [Function],
  "getAllByDisplayValue": [Function],
  "getAllByLabelText": [Function],
  "getAllByPlaceholderText": [Function],
  "getAllByRole": [Function],
  "getAllByTestId": [Function],
  "getAllByText": [Function],
  "getAllByTitle": [Function],
  "getByAltText": [Function],
  "getByDisplayValue": [Function],
  "getByLabelText": [Function],
  "getByPlaceholderText": [Function],
  "getByRole": [Function],
  "getByTestId": [Function],
  "getByText": [Function],
  "getByTitle": [Function],
  "queryAllByAltText": [Function],
  "queryAllByDisplayValue": [Function],
  "queryAllByLabelText": [Function],
  "queryAllByPlaceholderText": [Function],
  "queryAllByRole": [Function],
  "queryAllByTestId": [Function],
  "queryAllByText": [Function],
  "queryAllByTitle": [Function],
  "queryByAltText": [Function],
  "queryByDisplayValue": [Function],
  "queryByLabelText": [Function],
  "queryByPlaceholderText": [Function],
  "queryByRole": [Function],
  "queryByTestId": [Function],
  "queryByText": [Function],
  "queryByTitle": [Function],
  "rerender": [Function],
  "unmount": [Function],
}
`;
